[edutics.temptics.com/index.html]
[backblue.gif]
[fade.gif]
[index.html]
[edutics.temptics.com/favicon.svg]
[edutics.temptics.com/assets/vendor/swiper/swiper-bundle.min.css]
[edutics.temptics.com/assets/vendor/font-awesome/all.min.css]
[edutics.temptics.com/assets/vendor/slim-select/slimselect.css]
[edutics.temptics.com/src/output.css]
[edutics.temptics.com/assets/css/style.css]
[edutics.temptics.com/assets/img/cart-item-1.jpg]
[edutics.temptics.com/course-details.html]
[edutics.temptics.com/assets/img/cart-item-2.jpg]
[edutics.temptics.com/assets/img/cart-item-3.jpg]
[edutics.temptics.com/index-2.html]
[edutics.temptics.com/assets/img/logo.png]
[edutics.temptics.com/assets/img/logo-light.png]
[edutics.temptics.com/index-3.html]
[edutics.temptics.com/about.html]
[edutics.temptics.com/course-grid.html]
[edutics.temptics.com/course-filter.html]
[edutics.temptics.com/teachers.html]
[edutics.temptics.com/teacher-details.html]
[edutics.temptics.com/events.html]
[edutics.temptics.com/events-2.html]
[edutics.temptics.com/event-details.html]
[edutics.temptics.com/gallery.html]
[edutics.temptics.com/faq.html]
[edutics.temptics.com/coming-soon.html]
[edutics.temptics.com/404.html]
[edutics.temptics.com/news-grid.html]
[edutics.temptics.com/news-list.html]
[edutics.temptics.com/news-details.html]
[edutics.temptics.com/contact.html]
[edutics.temptics.com/assets/img/banner-2-title-vector.svg]
[edutics.temptics.com/assets/img/banner-2-img-1.jpg]
[edutics.temptics.com/assets/img/banner-2-img-2.jpg]
[edutics.temptics.com/assets/img/banner-2-img-vector-1.svg]
[edutics.temptics.com/assets/img/banner-2-img-vector-2.svg]
[edutics.temptics.com/assets/img/banner-2-vector-1.svg]
[edutics.temptics.com/assets/img/banner-2-vector-2.svg]
[edutics.temptics.com/assets/img/banner-2-vector-3.svg]
[edutics.temptics.com/assets/img/course-1.jpg]
[edutics.temptics.com/assets/img/icon/clock.svg]
[edutics.temptics.com/assets/img/icon/user-group.svg]
[edutics.temptics.com/assets/img/icon/lesson.svg]
[edutics.temptics.com/assets/img/user.png]
[edutics.temptics.com/assets/img/course-2.jpg]
[edutics.temptics.com/assets/img/course-3.jpg]
[edutics.temptics.com/assets/img/course-4.jpg]
[edutics.temptics.com/assets/img/about-us-bg.png]
[edutics.temptics.com/assets/img/about-2-image-1.png]
[edutics.temptics.com/assets/img/about-2-image-2.png]
[edutics.temptics.com/assets/img/about-2-img-vector.svg]
[edutics.temptics.com/assets/img/about-2-img-vector-2.svg]
[edutics.temptics.com/assets/img/event-4.jpg]
[edutics.temptics.com/assets/img/icon/convoc-cap.svg]
[edutics.temptics.com/assets/img/icon/clock-fill-yellow.svg]
[edutics.temptics.com/assets/img/event-2.jpg]
[edutics.temptics.com/assets/img/event-3.jpg]
[edutics.temptics.com/assets/img/event-1.jpg]
[edutics.temptics.com/assets/img/cta-2-txt-vector.svg]
[edutics.temptics.com/assets/img/cta-2-img.png]
[edutics.temptics.com/assets/img/faq-2-img-1.jpg]
[edutics.temptics.com/assets/img/faq-2-img-2.jpg]
[edutics.temptics.com/assets/img/faq-img-vector.svg]
[edutics.temptics.com/assets/img/faq-2-vector.svg]
[edutics.temptics.com/assets/img/instructor-1.jpg]
[edutics.temptics.com/assets/img/instructor-2.jpg]
[edutics.temptics.com/assets/img/instructor-3.jpg]
[edutics.temptics.com/assets/img/instructor-4.jpg]
[edutics.temptics.com/assets/img/admission-vector-2.svg]
[edutics.temptics.com/assets/img/instructor-vector.svg]
[edutics.temptics.com/assets/img/user-2.png]
[edutics.temptics.com/assets/img/icon/star.svg]
[edutics.temptics.com/assets/img/testimonial-2-vector.svg]
[edutics.temptics.com/assets/img/stat-1.png]
[edutics.temptics.com/assets/img/stat-2.png]
[edutics.temptics.com/assets/img/stat-3.png]
[edutics.temptics.com/assets/img/stat-4.png]
[edutics.temptics.com/assets/img/cta-3-bg.jpg]
[edutics.temptics.com/assets/img/blog-big.jpg]
[edutics.temptics.com/assets/img/icon/user-filled-purple.svg]
[edutics.temptics.com/assets/img/icon/comment.svg]
[edutics.temptics.com/assets/img/news-2-img-2.jpg]
[edutics.temptics.com/assets/img/news-2-img-3.jpg]
[edutics.temptics.com/assets/img/partner-1.png]
[edutics.temptics.com/assets/img/partner-2.png]
[edutics.temptics.com/assets/img/partner-3.png]
[edutics.temptics.com/assets/img/partner-4.png]
[edutics.temptics.com/assets/img/partner-5.png]
[edutics.temptics.com/assets/img/partner-6.png]
[edutics.temptics.com/assets/img/footer-bg.jpg]
[edutics.temptics.com/assets/img/call-icon-yellow.svg]
[edutics.temptics.com/assets/img/message-yellow.svg]
[edutics.temptics.com/assets/img/double-arrow.svg]
[edutics.temptics.com/assets/img/icon/submit-icon.svg]
[edutics.temptics.com/assets/vendor/swiper/swiper-bundle.min.js]
[edutics.temptics.com/assets/vendor/fslightbox/fslightbox.js]
[edutics.temptics.com/assets/vendor/mixitup/mixitup.min.js]
[edutics.temptics.com/assets/vendor/slim-select/slimselect.min.js]
[edutics.temptics.com/assets/js/main.js]
[edutics.temptics.com/assets/js/accordion.js]
[edutics.temptics.com/index.html]
[edutics.temptics.com/favicon.svg]
[edutics.temptics.com/assets/vendor/swiper/swiper-bundle.min.css]
[edutics.temptics.com/assets/vendor/webfonts/fa-brands-400.woff2]
[edutics.temptics.com/assets/vendor/webfonts/fa-brands-400.ttf]
[edutics.temptics.com/assets/vendor/webfonts/fa-regular-400.woff2]
[edutics.temptics.com/assets/vendor/webfonts/fa-regular-400.ttf]
[edutics.temptics.com/assets/vendor/webfonts/fa-solid-900.woff2]
[edutics.temptics.com/assets/vendor/webfonts/fa-solid-900.ttf]
[edutics.temptics.com/assets/vendor/webfonts/fa-v4compatibility.woff2]
[edutics.temptics.com/assets/vendor/webfonts/fa-v4compatibility.ttf]
[edutics.temptics.com/assets/vendor/font-awesome/all.min.css]
[edutics.temptics.com/assets/vendor/slim-select/slimselect.css]
[edutics.temptics.com/assets/img/banner-bg-1.jpg]
[edutics.temptics.com/assets/img/banner-bg-2.jpg]
[edutics.temptics.com/assets/img/breadcrumb-bg.jpg]
[edutics.temptics.com/assets/img/class-bg.png]
[edutics.temptics.com/assets/img/classes-bg.jpg]
[edutics.temptics.com/assets/img/coming-soon-bg.jpg]
[edutics.temptics.com/assets/img/testimonial-heading-vector.svg]
[edutics.temptics.com/assets/img/admission-title-vector.svg]
[edutics.temptics.com/assets/img/faeture-bg.jpg]
[edutics.temptics.com/assets/img/testimonial-img-slider-vector.svg]
[edutics.temptics.com/assets/img/cta-2-vector.png]
[edutics.temptics.com/assets/img/icon/hamburger.svg]
[edutics.temptics.com/src/output.css]
[edutics.temptics.com/assets/img/icon/checkmark.svg]
[edutics.temptics.com/assets/css/style.css]
[edutics.temptics.com/assets/img/icon/mail.svg]
[edutics.temptics.com/assets/img/icon/phone.svg]
[edutics.temptics.com/assets/img/icon/chat.svg]
[edutics.temptics.com/assets/img/icon/avatar.svg]
[edutics.temptics.com/assets/img/breadcrumb-vector-1.svg]
[edutics.temptics.com/assets/img/breadcrumb-vector-2.svg]
[edutics.temptics.com/assets/img/course-details-img.jpg]
[edutics.temptics.com/assets/img/teacher-2.jpg]
[edutics.temptics.com/assets/img/icon/lesson-purple.svg]
[edutics.temptics.com/assets/img/icon/lock.svg]
[edutics.temptics.com/assets/img/icon/calender-purple.svg]
[edutics.temptics.com/assets/img/icon/clock-purple.svg]
[edutics.temptics.com/assets/img/icon/user-group-purple.svg]
[edutics.temptics.com/assets/img/icon/medal.svg]
[edutics.temptics.com/assets/img/icon/globe.svg]
[edutics.temptics.com/assets/js/progress-bar.js]
[edutics.temptics.com/assets/js/tab.js]
[edutics.temptics.com/course-details.html]
[edutics.temptics.com/index-2.html]
[edutics.temptics.com/assets/img/feature-1.svg]
[edutics.temptics.com/assets/img/feature-2.svg]
[edutics.temptics.com/assets/img/feature-3.svg]
[edutics.temptics.com/assets/img/about-img.png]
[edutics.temptics.com/assets/img/about-img-vector.svg]
[edutics.temptics.com/assets/img/icon/target.svg]
[edutics.temptics.com/assets/img/icon/book-light.svg]
[edutics.temptics.com/assets/img/class-1.png]
[edutics.temptics.com/assets/img/class-2.png]
[edutics.temptics.com/assets/img/class-3.png]
[edutics.temptics.com/assets/img/admission-process-icon.svg]
[edutics.temptics.com/assets/img/admission-vector-1.svg]
[edutics.temptics.com/assets/img/form-img.png]
[edutics.temptics.com/assets/pdf/notice.pdf]
[edutics.temptics.com/assets/img/notice-icon.png]
[edutics.temptics.com/assets/img/form-notice-vector-1.svg]
[edutics.temptics.com/assets/img/form-notice-vector-2.svg]
[edutics.temptics.com/assets/img/cta-img.png]
[edutics.temptics.com/assets/img/cta-img-vector.svg]
[edutics.temptics.com/assets/img/cta-vector-1.png]
[edutics.temptics.com/assets/img/cta-vector-2.png]
[edutics.temptics.com/assets/img/service-1.svg]
[edutics.temptics.com/assets/img/service-2.svg]
[edutics.temptics.com/assets/img/service-3.svg]
[edutics.temptics.com/assets/img/service-vector-1.svg]
[edutics.temptics.com/assets/img/gallery-img-1.jpg]
[edutics.temptics.com/assets/img/gallery-img-2.jpg]
[edutics.temptics.com/assets/img/gallery-img-3.jpg]
[edutics.temptics.com/assets/img/user-3.png]
[edutics.temptics.com/assets/img/user-4.png]
[edutics.temptics.com/assets/img/teacher-1.jpg]
[edutics.temptics.com/assets/img/teacher-3.jpg]
[edutics.temptics.com/assets/img/teacher-vector-1.svg]
[edutics.temptics.com/assets/img/teacher-vector-2.svg]
[edutics.temptics.com/assets/img/blog-1.png]
[edutics.temptics.com/assets/img/icon/user.svg]
[edutics.temptics.com/assets/img/icon/tag.svg]
[edutics.temptics.com/assets/img/blog-2.png]
[edutics.temptics.com/assets/img/blog-3.png]
[edutics.temptics.com/index-3.html]
[edutics.temptics.com/assets/img/icon/arrow-up-right.svg]
[edutics.temptics.com/assets/img/about-inner-img.jpg]
[edutics.temptics.com/assets/img/employability-img.jpg]
[edutics.temptics.com/assets/img/employability-vector.svg]
[edutics.temptics.com/assets/img/program-1.jpg]
[edutics.temptics.com/assets/img/program-2.jpg]
[edutics.temptics.com/assets/img/program-3.jpg]
[edutics.temptics.com/about.html]
[edutics.temptics.com/assets/img/course-5.jpg]
[edutics.temptics.com/course-grid.html]
[edutics.temptics.com/course-filter.html]
[edutics.temptics.com/teachers.html]
[edutics.temptics.com/teacher-details.html]
[edutics.temptics.com/events.html]
[edutics.temptics.com/assets/img/icon/convoc-cap-purple.svg]
[edutics.temptics.com/assets/img/news-details-img-2.jpg]
[edutics.temptics.com/events-2.html]
[edutics.temptics.com/assets/img/event-details-img.jpg]
[edutics.temptics.com/assets/img/icon/calender.svg]
[edutics.temptics.com/assets/img/event-details-img-2.jpg]
[edutics.temptics.com/assets/img/event-details-img-3.jpg]
[edutics.temptics.com/assets/img/icon/location-dot.svg]
[edutics.temptics.com/assets/img/icon/phone-volume.svg]
[edutics.temptics.com/assets/img/icon/mail-purple.svg]
[edutics.temptics.com/event-details.html]
[edutics.temptics.com/assets/img/gallery-img-big.jpg]
[edutics.temptics.com/assets/img/gallery-img-4.jpg]
[edutics.temptics.com/gallery.html]
[edutics.temptics.com/assets/img/faq-img.jpg]
[edutics.temptics.com/faq.html]
[edutics.temptics.com/assets/img/coming-soon-vector-1.svg]
[edutics.temptics.com/assets/img/coming-soon-vector-2.svg]
[edutics.temptics.com/assets/js/countdown.js]
[edutics.temptics.com/coming-soon.html]
[edutics.temptics.com/assets/img/404-img.png]
[edutics.temptics.com/404.html]
[edutics.temptics.com/assets/img/blog-inner-1.jpg]
[edutics.temptics.com/assets/img/blog-inner-2.jpg]
[edutics.temptics.com/news-grid.html]
[edutics.temptics.com/assets/img/news-details-img-1.jpg]
[edutics.temptics.com/news-list.html]
[edutics.temptics.com/assets/img/news-details-img-3.jpg]
[edutics.temptics.com/news-details.html]
[edutics.temptics.com/assets/img/icon/call-msg.svg]
[edutics.temptics.com/assets/img/icon/mail-at.svg]
[edutics.temptics.com/assets/img/icon/location-dot-circle.svg]
[edutics.temptics.com/assets/img/contact-video-cover.jpg]
[edutics.temptics.com/contact.html]
[edutics.temptics.com/assets/img/banner-2-title-vector.svg]
[edutics.temptics.com/assets/img/banner-2-img-vector-1.svg]
[edutics.temptics.com/assets/img/banner-2-img-vector-2.svg]
[edutics.temptics.com/assets/img/banner-2-vector-1.svg]
[edutics.temptics.com/assets/img/banner-2-vector-2.svg]
[edutics.temptics.com/assets/img/banner-2-vector-3.svg]
[edutics.temptics.com/assets/img/icon/clock.svg]
[edutics.temptics.com/assets/img/icon/user-group.svg]
[edutics.temptics.com/assets/img/icon/lesson.svg]
[edutics.temptics.com/assets/img/about-2-img-vector.svg]
[edutics.temptics.com/assets/img/about-2-img-vector-2.svg]
[edutics.temptics.com/assets/img/icon/convoc-cap.svg]
[edutics.temptics.com/assets/img/icon/clock-fill-yellow.svg]
[edutics.temptics.com/assets/img/cta-2-txt-vector.svg]
[edutics.temptics.com/assets/img/faq-img-vector.svg]
[edutics.temptics.com/assets/img/faq-2-vector.svg]
[edutics.temptics.com/assets/img/admission-vector-2.svg]
[edutics.temptics.com/assets/img/instructor-vector.svg]
[edutics.temptics.com/assets/img/icon/quotation.svg]
[edutics.temptics.com/assets/img/icon/star.svg]
[edutics.temptics.com/assets/img/testimonial-2-vector.svg]
[edutics.temptics.com/assets/img/icon/user-filled-purple.svg]
[edutics.temptics.com/assets/img/icon/comment.svg]
[edutics.temptics.com/assets/img/call-icon-yellow.svg]
[edutics.temptics.com/assets/img/message-yellow.svg]
[edutics.temptics.com/assets/img/double-arrow.svg]
[edutics.temptics.com/assets/img/icon/submit-icon.svg]
[edutics.temptics.com/assets/img/testimonial-heading-vector.svg]
[edutics.temptics.com/assets/img/admission-title-vector.svg]
[edutics.temptics.com/assets/img/testimonial-img-slider-vector.svg]
[edutics.temptics.com/assets/img/icon/hamburger.svg]
[edutics.temptics.com/assets/img/icon/checkmark.svg]
[edutics.temptics.com/assets/img/icon/mail.svg]
[edutics.temptics.com/assets/img/icon/phone.svg]
[edutics.temptics.com/assets/img/icon/chat.svg]
[edutics.temptics.com/assets/img/icon/avatar.svg]
[edutics.temptics.com/assets/img/breadcrumb-vector-1.svg]
[edutics.temptics.com/assets/img/breadcrumb-vector-2.svg]
[edutics.temptics.com/assets/img/icon/lesson-purple.svg]
[edutics.temptics.com/assets/img/icon/lock.svg]
[edutics.temptics.com/assets/img/icon/calender-purple.svg]
[edutics.temptics.com/assets/img/icon/clock-purple.svg]
[edutics.temptics.com/assets/img/icon/user-group-purple.svg]
[edutics.temptics.com/assets/img/icon/medal.svg]
[edutics.temptics.com/assets/img/icon/globe.svg]
[edutics.temptics.com/assets/img/feature-1.svg]
[edutics.temptics.com/assets/img/feature-2.svg]
[edutics.temptics.com/assets/img/feature-3.svg]
[edutics.temptics.com/assets/img/about-img-vector.svg]
[edutics.temptics.com/assets/img/icon/target.svg]
[edutics.temptics.com/assets/img/icon/book-light.svg]
[edutics.temptics.com/assets/img/admission-process-icon.svg]
[edutics.temptics.com/assets/img/admission-vector-1.svg]
[edutics.temptics.com/assets/img/form-notice-vector-1.svg]
[edutics.temptics.com/assets/img/form-notice-vector-2.svg]
[edutics.temptics.com/assets/img/cta-img-vector.svg]
[edutics.temptics.com/assets/img/service-1.svg]
[edutics.temptics.com/assets/img/service-2.svg]
[edutics.temptics.com/assets/img/service-3.svg]
[edutics.temptics.com/assets/img/service-vector-1.svg]
[edutics.temptics.com/assets/img/teacher-vector-1.svg]
[edutics.temptics.com/assets/img/teacher-vector-2.svg]
[edutics.temptics.com/assets/img/icon/user.svg]
[edutics.temptics.com/assets/img/icon/tag.svg]
[edutics.temptics.com/blog-details.html]
[edutics.temptics.com/assets/img/icon/arrow-up-right.svg]
[edutics.temptics.com/assets/img/employability-vector.svg]
[edutics.temptics.com/assets/img/icon/convoc-cap-purple.svg]
[edutics.temptics.com/assets/img/icon/calender.svg]
[edutics.temptics.com/assets/img/icon/location-dot.svg]
[edutics.temptics.com/assets/img/icon/phone-volume.svg]
[edutics.temptics.com/assets/img/icon/mail-purple.svg]
[edutics.temptics.com/assets/img/coming-soon-vector-1.svg]
[edutics.temptics.com/assets/img/coming-soon-vector-2.svg]
[edutics.temptics.com/assets/img/icon/call-msg.svg]
[edutics.temptics.com/assets/img/icon/mail-at.svg]
[edutics.temptics.com/assets/img/icon/location-dot-circle.svg]
